
> dashboardfaculdades@0.1.0 build
> next build

   Ôû▓ Next.js 16.0.3 (Turbopack)
   - Environments: .env.local

   Creating an optimized production build ...
 Ô£ô Compiled successfully in 5.5s
   Running TypeScript ...
node.exe : Failed to compile.
No linha:1 caractere:1
+ & "C:\Program Files\nodejs/node.exe" 
"C:\Users\Giuliano\AppData\Roami ...
+ ~~~~~~~~~~~~~~~~~~~~~~~~~~~~~~~~~~~~~
~~~~~~~~~~~~~~~~~~~~~~~~~~~~~~~~
    + CategoryInfo          : NotSpeci 
   fied: (Failed to compile.:String)   
  [], RemoteException
    + FullyQualifiedErrorId : NativeCo 
   mmandError
 

./app/api/stripe/webhook/route.ts:8:5
Type error: Type '"2024-11-20.acacia"' 
is not assignable to type 
'"2025-11-17.clover"'.

[0m [90m  6 |[39m [90m// 
Initialize Stripe[39m
 [90m  7 |[39m [36mconst[39m 
stripe [33m=[39m [36mnew[39m [33mS
tripe[39m(process[33m.[39menv[33m.
[39m[33mSTRIPE_SECRET_KEY[39m 
[33m||[39m [32m''[39m[33m,[39m {
[31m[1m>[22m[39m[90m  8 |[39m    
 apiVersion[33m:[39m [32m'2024-11-20
.acacia'[39m[33m,[39m [90m// Use 
latest or compatible version[39m
 [90m    |[39m     
[31m[1m^[22m[39m
 [90m  9 |[39m     
typescript[33m:[39m 
[36mtrue[39m[33m,[39m
 [90m 10 |[39m })
 [90m 11 |[39m[0m
Next.js build worker exited with code: 
1 and signal: null
