
> dashboardfaculdades@0.1.0 test
> jest __tests__/zod-schemas.test.ts

node.exe : FAIL __tests__/zod-schemas.test.ts
No linha:1 caractere:1
+ & "C:\Program Files\nodejs/node.exe" "C:\Program 
Files\nodejs/node_mo ...
+ ~~~~~~~~~~~~~~~~~~~~~~~~~~~~~~~~~~~~~~~~~~~~~~~~~~~~~~~~
~~~~~~~~~~~~~
    + CategoryInfo          : NotSpecified: (FAIL __tests 
   __/zod-schemas.test.ts:String) [], RemoteException
    + FullyQualifiedErrorId : NativeCommandError
 
  Zod Schemas
    Faculdade Schema
      ├ù deve validar uma faculdade v├ílida (6 ms)
      ÔêÜ deve falhar se nome for curto demais (1 ms)
      ÔêÜ deve falhar se CNPJ for inv├ílido (1 ms)
    Conversa Schema
      ÔêÜ deve validar uma conversa v├ílida (1 ms)
      ÔêÜ deve falhar se faculdade_id for inv├ílido
    Mensagem Schema
      ÔêÜ deve validar uma mensagem de texto v├ílida (1 
ms)
      ÔêÜ deve falhar se conte├║do for vazio
    Prospect Schema
      ÔêÜ deve validar um prospect v├ílido (2 ms)
      ÔêÜ deve validar email inv├ílido

  ÔùÅ Zod Schemas ÔÇ║ Faculdade Schema ÔÇ║ deve validar 
uma faculdade v├ílida

    expect(received).toBe(expected) // Object.is equality

    Expected: true
    Received: false

    [0m [90m 26 |[39m
     [90m 27 |[39m             [36mconst[39m result 
[33m=[39m validateData(createFaculdadeSchema[33m,[39m 
faculdade)
    [31m[1m>[22m[39m[90m 28 |[39m             expect
(result[33m.[39msuccess)[33m.[39mtoBe([36mtrue[39m)
     [90m    |[39m                                    
[31m[1m^[22m[39m
     [90m 29 |[39m         })
     [90m 30 |[39m
     [90m 31 |[39m         it([32m'deve falhar se nome 
for curto demais'[39m[33m,[39m () [33m=>[39m {[0m

      at Object.toBe (__tests__/zod-schemas.test.ts:28:36)

Test Suites: 1 failed, 1 total
Tests:       1 failed, 8 passed, 9 total
Snapshots:   0 total
Time:        0.83 s, estimated 1 s
Ran all test suites matching 
/__tests__\\zod-schemas.test.ts/i.
