app/dashboard/crm/[id]/page.tsx(361,40): error TS7006: Parameter 'etapa' implicitly has an 'any' type.
app/dashboard/crm/[id]/page.tsx(361,47): error TS7006: Parameter 'idx' implicitly has an 'any' type.
app/dashboard/crm/configurar-funil/page.tsx(441,38): error TS2322: Type '"default"' is not assignable to type '"danger" | "success" | "warning" | "info" | undefined'.
app/dashboard/crm/criar-contato/page.tsx(209,38): error TS2322: Type '"default"' is not assignable to type '"danger" | "success" | "warning" | "info" | undefined'.
app/dashboard/crm/criar-empresa/page.tsx(205,38): error TS2322: Type '"default"' is not assignable to type '"danger" | "success" | "warning" | "info" | undefined'.
app/dashboard/crm/criar-negociacao/page.tsx(299,38): error TS2322: Type '"default"' is not assignable to type '"danger" | "success" | "warning" | "info" | undefined'.
app/dashboard/crm/page.tsx(704,26): error TS2322: Type '"default"' is not assignable to type '"danger" | "success" | "warning" | "info" | undefined'.
app/dashboard/crm/page.tsx(741,27): error TS2322: Type '"default" | "info"' is not assignable to type '"danger" | "success" | "warning" | "info" | undefined'.
  Type '"default"' is not assignable to type '"danger" | "success" | "warning" | "info" | undefined'.
app/dashboard/crm/page.tsx(796,31): error TS2322: Type '"default"' is not assignable to type '"danger" | "success" | "warning" | "info" | undefined'.
src/components/dashboard/InformacoesLeadModal.tsx(139,30): error TS2322: Type '"default" | "danger" | "success" | "warning" | "info"' is not assignable to type '"danger" | "success" | "warning" | "info" | undefined'.
  Type '"default"' is not assignable to type '"danger" | "success" | "warning" | "info" | undefined'.
src/components/dashboard/SidebarLeadInfo.tsx(233,36): error TS2322: Type '"default"' is not assignable to type '"danger" | "success" | "warning" | "info" | undefined'.
